<html>
<body>
<pre>
<h1>µVision Build Log</h1>
<h2>Tool Versions:</h2>
IDE-Version: ¦ÌVision V5.40.0.12
Copyright (C) 2024 ARM Ltd and ARM Germany GmbH. All rights reserved.
License Information: saber saber, neu-action, LIC=GMZI6-DJMPQ-126LE-567HA-1YVS4-YEVSM
 
Tool Versions:
Toolchain:       MDK-ARM Plus  Version: 5.40.0.5
Toolchain Path:  C:\Users\26371\AppData\Local\Keil_v5\ARM\ARMCC\Bin
C Compiler:      Armcc.exe V5.06 update 6 (build 750)
Assembler:       Armasm.exe V5.06 update 6 (build 750)
Linker/Locator:  ArmLink.exe V5.06 update 6 (build 750)
Library Manager: ArmAr.exe V5.06 update 6 (build 750)
Hex Converter:   FromElf.exe V5.06 update 6 (build 750)
CPU DLL:         SARMCM3.DLL V5.40.0.5
Dialog DLL:      DCM.DLL V1.17.5.0
Target DLL:      Segger\JL2CM3.dll V2.99.42.0
Dialog DLL:      TCM.DLL V1.56.4.0
 
<h2>Project:</h2>
D:\FreeRTOS\FREERTOS\MDK-ARM\FREERTOS.uvprojx
Project File Date:  08/01/2025

<h2>Output:</h2>
*** Using Compiler 'V5.06 update 6 (build 750)', folder: 'C:\Users\26371\AppData\Local\Keil_v5\ARM\ARMCC\Bin'
Build target 'FREERTOS'
compiling freertos.c...
../Core/Src/freertos.c(222): warning:  #1035-D: single-precision operand implicitly converted to double-precision
  			adc_v = HAL_ADC_GetValue(&hadc1) / 4095.f * 3.3;
../Core/Src/freertos.c(225): warning:  #1035-D: single-precision operand implicitly converted to double-precision
  		current = (adc_v - 2.475)/0.066 ;
../Core/Src/freertos.c(250): warning:  #1035-D: single-precision operand implicitly converted to double-precision
  			z_current = (z_adc_v - 2.475)/0.066 ;
../Core/Src/freertos.c(272): warning:  #177-D: variable "Txdata"  was declared but never referenced
    uint8_t Txdata[20] = "transmit !!!\n";
../Core/Src/freertos.c: 4 warnings, 0 errors
linking...
Program Size: Code=22220 RO-data=956 RW-data=168 ZI-data=20568  
FromELF: creating hex file...
"FREERTOS\FREERTOS.axf" - 0 Error(s), 4 Warning(s).

<h2>Software Packages used:</h2>

Package Vendor: ARM
                https://www.keil.com/pack/ARM.CMSIS.6.1.0.pack
                ARM::CMSIS@6.1.0
                CMSIS (Common Microcontroller Software Interface Standard)
   * Component: CORE Version: 6.1.0

Package Vendor: Keil
                http://www.keil.com/pack/Keil.STM32F4xx_DFP.2.16.0.pack
                Keil::STM32F4xx_DFP@2.16.0
                STMicroelectronics STM32F4 Series Device Support, Drivers and Examples

<h2>Collection of Component include folders:</h2>
  ./RTE/_FREERTOS
  C:/Users/26371/AppData/Local/Arm/Packs/ARM/CMSIS/6.1.0/CMSIS/Core/Include
  C:/Users/26371/AppData/Local/Arm/Packs/Keil/STM32F4xx_DFP/2.16.0/Drivers/CMSIS/Device/ST/STM32F4xx/Include

<h2>Collection of Component Files used:</h2>

   * Component: ARM::CMSIS:CORE@6.1.0
      Include file:  CMSIS/Core/Include/tz_context.h
Build Time Elapsed:  00:00:03
</pre>
</body>
</html>
