<html>
<body>
<pre>
<h1>µVision Build Log</h1>
<h2>Tool Versions:</h2>
IDE-Version: ¦ÌVision V5.40.0.12
Copyright (C) 2024 ARM Ltd and ARM Germany GmbH. All rights reserved.
License Information: saber saber, neu-action, LIC=GMZI6-DJMPQ-126LE-567HA-1YVS4-YEVSM
 
Tool Versions:
Toolchain:       MDK-ARM Plus  Version: 5.40.0.5
Toolchain Path:  C:\Users\26371\AppData\Local\Keil_v5\ARM\ARMCC\Bin
C Compiler:      Armcc.exe V5.06 update 6 (build 750)
Assembler:       Armasm.exe V5.06 update 6 (build 750)
Linker/Locator:  ArmLink.exe V5.06 update 6 (build 750)
Library Manager: ArmAr.exe V5.06 update 6 (build 750)
Hex Converter:   FromElf.exe V5.06 update 6 (build 750)
CPU DLL:         SARMCM3.DLL V5.40.0.5
Dialog DLL:      DCM.DLL V1.17.5.0
Target DLL:      STLink\ST-LINKIII-KEIL_SWO.dll V3.3.0.0
Dialog DLL:      TCM.DLL V1.56.4.0
 
<h2>Project:</h2>
D:\FreeRTOS\FREERTOS\MDK-ARM\FREERTOS.uvprojx
Project File Date:  08/01/2025

<h2>Output:</h2>
*** Using Compiler 'V5.06 update 6 (build 750)', folder: 'C:\Users\26371\AppData\Local\Keil_v5\ARM\ARMCC\Bin'
Build target 'FREERTOS'
assembling startup_stm32f429xx.s...
compiling stm32f4xx_ll_adc.c...
compiling stm32f4xx_hal_timebase_tim.c...
compiling tim.c...
compiling gpio.c...
compiling stm32f4xx_it.c...
compiling adc.c...
compiling usart.c...
compiling stm32f4xx_hal_msp.c...
compiling stm32f4xx_hal_adc_ex.c...
compiling main.c...
compiling freertos.c...
../Core/Src/freertos.c(215): warning:  #1035-D: single-precision operand implicitly converted to double-precision
  			adc_v = HAL_ADC_GetValue(&hadc1) / 4095.f * 3.3;
../Core/Src/freertos.c: 1 warning, 0 errors
compiling stm32f4xx_hal_tim_ex.c...
compiling stm32f4xx_hal_adc.c...
compiling stm32f4xx_hal_rcc.c...
compiling stm32f4xx_hal_rcc_ex.c...
compiling stm32f4xx_hal_flash.c...
compiling stm32f4xx_hal_tim.c...
compiling croutine.c...
compiling list.c...
compiling event_groups.c...
compiling queue.c...
compiling stream_buffer.c...
compiling timers.c...
compiling tasks.c...
compiling heap_4.c...
compiling port.c...
compiling stm32f4xx_hal_flash_ex.c...
compiling stm32f4xx_hal_flash_ramfunc.c...
compiling stm32f4xx_hal_gpio.c...
compiling stm32f4xx_hal_dma_ex.c...
compiling stm32f4xx_hal_dma.c...
compiling stm32f4xx_hal_pwr.c...
compiling stm32f4xx_hal_pwr_ex.c...
compiling stm32f4xx_hal_cortex.c...
compiling system_stm32f4xx.c...
compiling stm32f4xx_hal.c...
compiling stm32f4xx_hal_exti.c...
compiling stm32f4xx_hal_uart.c...
compiling cmsis_os2.c...
linking...
Program Size: Code=20368 RO-data=956 RW-data=168 ZI-data=20568  
FromELF: creating hex file...
"FREERTOS\FREERTOS.axf" - 0 Error(s), 1 Warning(s).

<h2>Software Packages used:</h2>

Package Vendor: ARM
                https://www.keil.com/pack/ARM.CMSIS.6.1.0.pack
                ARM::CMSIS@6.1.0
                CMSIS (Common Microcontroller Software Interface Standard)
   * Component: CORE Version: 6.1.0

Package Vendor: Keil
                http://www.keil.com/pack/Keil.STM32F4xx_DFP.2.16.0.pack
                Keil::STM32F4xx_DFP@2.16.0
                STMicroelectronics STM32F4 Series Device Support, Drivers and Examples

<h2>Collection of Component include folders:</h2>
  ./RTE/_FREERTOS
  C:/Users/26371/AppData/Local/Arm/Packs/ARM/CMSIS/6.1.0/CMSIS/Core/Include
  C:/Users/26371/AppData/Local/Arm/Packs/Keil/STM32F4xx_DFP/2.16.0/Drivers/CMSIS/Device/ST/STM32F4xx/Include

<h2>Collection of Component Files used:</h2>

   * Component: ARM::CMSIS:CORE@6.1.0
      Include file:  CMSIS/Core/Include/tz_context.h
Build Time Elapsed:  00:00:35
</pre>
</body>
</html>
